[exp2] bias seed 1: search 0.20080 indep 0.19921 (baseline 0.19912) params [-29.18 -27.29 -14.75]
[exp2] bias seed 2: search 0.20024 indep 0.19959 (baseline 0.19912) params [74.35 -34.2 -66.2]
[exp2] bias seed 3: search 0.20025 indep 0.19938 (baseline 0.19912) params [63.06 27.29 -44.24]
[exp2] bias seed 4: search 0.20056 indep 0.19953 (baseline 0.19912) params [-64.31 57.41 -35.45]
[exp2] bias seed 5: search 0.20040 indep 0.19955 (baseline 0.19912) params [37.33 -64.94 -66.2]
[exp2] bias seed 6: search 0.20031 indep 0.19974 (baseline 0.19912) params [75.61 43.61 -29.18]
[exp2] bias seed 7: search 0.20030 indep 0.19924 (baseline 0.19912) params [78.75 1.569 -40.47]
[exp2] bias seed 8: search 0.20068 indep 0.19920 (baseline 0.19912) params [42.98 53.02 -69.96]
[exp2] bias seed 9: search 0.20091 indep 0.19962 (baseline 0.19912) params [18.51 -44.86 -27.29]
[exp2] bias seed 10: search 0.20080 indep 0.19910 (baseline 0.19912) params [2.824 44.24 -7.843]
[exp2] bias seed 11: search 0.19965 indep 0.19958 (baseline 0.19912) params [5.961 62.43 53.02]
[exp2] bias seed 12: search 0.19983 indep 0.19940 (baseline 0.19912) params [-71.84 -77.49 -66.2]
[exp2] gamma seed 1: search 0.22034 indep 0.21973 (baseline 0.19912) params [1.99 2.363 2.02]
[exp2] gamma seed 2: search 0.21957 indep 0.21972 (baseline 0.19912) params [1.931 2.402 2.039]
[exp2] gamma seed 3: search 0.22003 indep 0.21978 (baseline 0.19912) params [1.882 2.353 2.186]
[exp2] gamma seed 4: search 0.21999 indep 0.21958 (baseline 0.19912) params [2.235 2.647 1.843]
[exp2] gamma seed 5: search 0.22089 indep 0.21975 (baseline 0.19912) params [1.794 2.775 2.069]
[exp2] gamma seed 6: search 0.22008 indep 0.21983 (baseline 0.19912) params [2.039 2.461 2.137]
[exp2] gamma seed 7: search 0.22085 indep 0.22020 (baseline 0.19912) params [2.147 2.441 2.059]
[exp2] gamma seed 8: search 0.22054 indep 0.21993 (baseline 0.19912) params [1.706 2.353 2.108]
[exp2] gamma seed 9: search 0.22098 indep 0.21988 (baseline 0.19912) params [1.775 2.696 2.108]
[exp2] gamma seed 10: search 0.22121 indep 0.21990 (baseline 0.19912) params [2.059 2.52 2.069]
[exp2] gamma seed 11: search 0.21947 indep 0.21950 (baseline 0.19912) params [2.157 2.225 1.912]
[exp2] gamma seed 12: search 0.21948 indep 0.21946 (baseline 0.19912) params [1.912 2.647 1.843]
